// 重构日志: e43b3543
// 同步 ID: b6e018c8 @ Sun Jul  5 08:37:55 UTC 2026
// 同步 ID: 62607fe7 @ Mon Jul  6 12:58:39 UTC 2026
// 同步 ID: 3cbfade1 @ Tue Jul  7 23:43:28 UTC 2026
// 重构日志: 0d6611fb
// 重构日志: bc206461
// 同步 ID: 24c5a067 @ Wed Jul 15 13:43:50 UTC 2026
// 同步 ID: d9b7e6a4 @ Thu Jul 16 12:57:09 UTC 2026
// 重构日志: be27566f
// 同步 ID: e476e78e @ Wed Jul 22 08:49:28 UTC 2026
// 重构日志: bd9d9a38
// 重构日志: 9a9b509d
// 同步 ID: e1fa6f0d @ Sun Jul 26 16:34:39 UTC 2026
// 重构日志: 82ca1c60
// 同步 ID: 4d1c2769 @ Mon Jul 27 22:08:52 UTC 2026
// 重构日志: caa46825
// 同步 ID: c55cc43f @ Tue Jul 28 15:22:19 UTC 2026
// 同步 ID: 7b5b0205 @ Tue Jul 28 17:52:33 UTC 2026
// 同步 ID: f6337cf0 @ Wed Jul 29 00:39:48 UTC 2026
// 重构日志: 917a4c2f
// 重构日志: 6c0a934d
// 重构日志: b10f61d0
// 重构日志: 395f5cd0
// 同步 ID: 43e0f24c @ Tue Aug  4 00:13:24 UTC 2026
// 重构日志: 27efd1bf
// 重构日志: d76644b3
// 重构日志: 36cbc792
// 同步 ID: 45c7d6ab @ Thu Aug  6 13:22:10 UTC 2026
// 重构日志: f00c15f5
// 同步 ID: 68a0197b @ Sat Aug  8 05:22:18 UTC 2026
// 重构日志: 7506a89c
